
(declaration
  (decl-specs int)
  (init-declarator
    (declarator x) (init (int 1) :type int)))

(declaration
  (decl-specs int)
  (init-declarator
    (declarator p (pointer)) (init (addr-of (ident x) :type int) :type int*)))

(declaration
  (decl-specs int)
  (init-declarator
    (declarator y) (init (deref (ident p) :type int*) :type int)))
